// Jest Snapshot v1, https://goo.gl/fbAQLP

exports[`Testing Screens Rovers test 1`] = `undefined`;
